PAGE: id=310 slug=contact title=Contact
bricks elements: 62, roots: 2

### order=0 type=hero sourceId=wiurac
kinds: section, container, heading, block, image, div, text-basic, divider, shortcode
  [heading/h1] Schedule Your Free Consultation
  [text-basic] Additions<br>Consultation
  [text-basic] <b>Time: </b>~1 Hour
  [shortcode] 
  [text-basic] Complete Renovation Consultation
  [text-basic] <b>Time: </b>~1 Hour
  [shortcode] 
  [text-basic] ADU / Garage Conversion
  [text-basic] <b>Time: </b>~1 Hour
  [shortcode] 
  [text-basic] New Construction Consultation
  [text-basic] <b>Time: </b>~1 Hour
  [shortcode] 
  [text-basic] Kitchen Remodeling Consultation
  [text-basic] <b>Time: </b>~1 Hour
  [shortcode] 
  [text-basic] Bathroom Remodeling Consultation
  [text-basic] <b>Time: </b>~1 Hour
  [shortcode] 
  <image> {"id":2203,"filename":"WhatsApp-Image-2023-10-12-at-11.24.43-AM.jpeg"}
  <image> {"id":2422,"filename":"WhatsApp-Image-2024-03-04-at-10.17.43-PM.jpeg"}
  <image> {"id":2008,"filename":"ADU-7.png"}
  <image> {"id":2216,"filename":"WhatsApp-Image-2023-10-12-at-11.24.45-AM.jpeg"}
  <image> {"id":2188,"filename":"o-34.jpg"}
  <image> {"id":2168,"filename":"o-17.jpg"}

### order=1 type=contact-form sourceId=snujdn
kinds: section, container, block, heading, text, div, text-basic, xfluentform
  [heading/h1] Ready to discuss <span class="heading--gradient">your needs?</span>
  [text] <p>Give us a call at <a href="tel:{acf_company_phone_clean}">{acf_company_phone_clean}</a></p>
  [text-basic] Get a price quote
